\BOOKMARK [0][-]{chapter*.1}{\376\377\000C\000e\000r\000t\000i\000f\000i\000c\000a\000t\000e}{}% 1
\BOOKMARK [0][-]{chapter*.2}{\376\377\000D\000e\000c\000l\000a\000r\000a\000t\000i\000o\000n}{}% 2
\BOOKMARK [0][-]{chapter*.3}{\376\377\000A\000c\000k\000n\000o\000w\000l\000e\000d\000g\000e\000m\000e\000n\000t\000s}{}% 3
\BOOKMARK [0][-]{chapter*.4}{\376\377\000A\000b\000s\000t\000r\000a\000c\000t}{}% 4
\BOOKMARK [0][-]{chapter.1}{\376\377\000I\000n\000t\000r\000o\000d\000u\000c\000t\000i\000o\000n}{}% 5
\BOOKMARK [1][-]{section.1.1}{\376\377\000M\000o\000t\000i\000v\000a\000t\000i\000o\000n}{chapter.1}% 6
\BOOKMARK [1][-]{section.1.2}{\376\377\000P\000r\000o\000b\000l\000e\000m\000\040\000S\000t\000a\000t\000e\000m\000e\000n\000t}{chapter.1}% 7
\BOOKMARK [1][-]{section.1.3}{\376\377\000O\000b\000j\000e\000c\000t\000i\000v\000e\000s}{chapter.1}% 8
\BOOKMARK [1][-]{section.1.4}{\376\377\000S\000c\000o\000p\000e\000\040\000a\000n\000d\000\040\000C\000o\000n\000t\000r\000i\000b\000u\000t\000i\000o\000n\000s}{chapter.1}% 9
\BOOKMARK [1][-]{section.1.5}{\376\377\000R\000e\000p\000o\000r\000t\000\040\000O\000r\000g\000a\000n\000i\000s\000a\000t\000i\000o\000n}{chapter.1}% 10
\BOOKMARK [0][-]{chapter.2}{\376\377\000B\000a\000c\000k\000g\000r\000o\000u\000n\000d}{}% 11
\BOOKMARK [1][-]{section.2.1}{\376\377\000T\000h\000e\000\040\000R\000I\000S\000C\000-\000V\000\040\000I\000S\000A}{chapter.2}% 12
\BOOKMARK [1][-]{section.2.2}{\376\377\000P\000i\000p\000e\000l\000i\000n\000e\000d\000\040\000P\000r\000o\000c\000e\000s\000s\000o\000r\000\040\000F\000u\000n\000d\000a\000m\000e\000n\000t\000a\000l\000s}{chapter.2}% 13
\BOOKMARK [1][-]{section.2.3}{\376\377\000H\000a\000z\000a\000r\000d\000s}{chapter.2}% 14
\BOOKMARK [2][-]{subsection.2.3.1}{\376\377\000S\000t\000r\000u\000c\000t\000u\000r\000a\000l\000\040\000H\000a\000z\000a\000r\000d\000s}{section.2.3}% 15
\BOOKMARK [2][-]{subsection.2.3.2}{\376\377\000D\000a\000t\000a\000\040\000H\000a\000z\000a\000r\000d\000s\000\040\000\050\000R\000A\000W\000\051\000\040\000a\000n\000d\000\040\000F\000o\000r\000w\000a\000r\000d\000i\000n\000g}{section.2.3}% 16
\BOOKMARK [2][-]{subsection.2.3.3}{\376\377\000C\000o\000n\000t\000r\000o\000l\000\040\000H\000a\000z\000a\000r\000d\000s\000\040\000a\000n\000d\000\040\000B\000r\000a\000n\000c\000h\000\040\000P\000e\000n\000a\000l\000t\000y}{section.2.3}% 17
\BOOKMARK [1][-]{section.2.4}{\376\377\000B\000r\000a\000n\000c\000h\000\040\000P\000r\000e\000d\000i\000c\000t\000i\000o\000n}{chapter.2}% 18
\BOOKMARK [1][-]{section.2.5}{\376\377\000F\000P\000G\000A\000\040\000I\000m\000p\000l\000e\000m\000e\000n\000t\000a\000t\000i\000o\000n\000\040\000C\000o\000n\000s\000i\000d\000e\000r\000a\000t\000i\000o\000n\000s}{chapter.2}% 19
\BOOKMARK [1][-]{section.2.6}{\376\377\000R\000e\000l\000a\000t\000e\000d\000\040\000W\000o\000r\000k}{chapter.2}% 20
\BOOKMARK [0][-]{chapter.3}{\376\377\000I\000n\000s\000t\000r\000u\000c\000t\000i\000o\000n\000\040\000S\000e\000t\000\040\000A\000r\000c\000h\000i\000t\000e\000c\000t\000u\000r\000e}{}% 21
\BOOKMARK [1][-]{section.3.1}{\376\377\000D\000e\000s\000i\000g\000n\000\040\000P\000r\000i\000n\000c\000i\000p\000l\000e\000s}{chapter.3}% 22
\BOOKMARK [1][-]{section.3.2}{\376\377\000R\000e\000g\000i\000s\000t\000e\000r\000\040\000F\000i\000l\000e\000\040\000S\000p\000e\000c\000i\000f\000i\000c\000a\000t\000i\000o\000n}{chapter.3}% 23
\BOOKMARK [1][-]{section.3.3}{\376\377\000I\000n\000s\000t\000r\000u\000c\000t\000i\000o\000n\000\040\000F\000o\000r\000m\000a\000t\000s}{chapter.3}% 24
\BOOKMARK [2][-]{subsection.3.3.1}{\376\377\000R\000-\000t\000y\000p\000e}{section.3.3}% 25
\BOOKMARK [2][-]{subsection.3.3.2}{\376\377\000I\000-\000t\000y\000p\000e}{section.3.3}% 26
\BOOKMARK [2][-]{subsection.3.3.3}{\376\377\000S\000-\000t\000y\000p\000e}{section.3.3}% 27
\BOOKMARK [2][-]{subsection.3.3.4}{\376\377\000B\000-\000t\000y\000p\000e}{section.3.3}% 28
\BOOKMARK [2][-]{subsection.3.3.5}{\376\377\000U\000-\000t\000y\000p\000e}{section.3.3}% 29
\BOOKMARK [2][-]{subsection.3.3.6}{\376\377\000J\000-\000t\000y\000p\000e}{section.3.3}% 30
\BOOKMARK [1][-]{section.3.4}{\376\377\000B\000i\000t\000-\000f\000i\000e\000l\000d\000\040\000A\000l\000l\000o\000c\000a\000t\000i\000o\000n}{chapter.3}% 31
\BOOKMARK [1][-]{section.3.5}{\376\377\000I\000m\000p\000l\000e\000m\000e\000n\000t\000e\000d\000\040\000R\000V\0003\0002\000I\000\040\000B\000a\000s\000e\000\040\000I\000n\000s\000t\000r\000u\000c\000t\000i\000o\000n\000s}{chapter.3}% 32
\BOOKMARK [1][-]{section.3.6}{\376\377\000M\000-\000E\000x\000t\000e\000n\000s\000i\000o\000n\000\040\000I\000n\000s\000t\000r\000u\000c\000t\000i\000o\000n}{chapter.3}% 33
\BOOKMARK [1][-]{section.3.7}{\376\377\000C\000u\000s\000t\000o\000m\000-\0000\000\040\000I\000n\000s\000t\000r\000u\000c\000t\000i\000o\000n\000s}{chapter.3}% 34
\BOOKMARK [2][-]{subsection.3.7.1}{\376\377\000M\000A\000C\000\040\040\024\000\040\000T\000h\000r\000e\000e\000-\000O\000p\000e\000r\000a\000n\000d\000\040\000M\000u\000l\000t\000i\000p\000l\000y\000-\000A\000c\000c\000u\000m\000u\000l\000a\000t\000e}{section.3.7}% 35
\BOOKMARK [2][-]{subsection.3.7.2}{\376\377\000R\000E\000L\000U\000\040\040\024\000\040\000R\000e\000c\000t\000i\000f\000i\000e\000d\000\040\000L\000i\000n\000e\000a\000r\000\040\000U\000n\000i\000t}{section.3.7}% 36
\BOOKMARK [2][-]{subsection.3.7.3}{\376\377\000R\000D\000C\000Y\000C\000\040\040\024\000\040\000C\000y\000c\000l\000e\000\040\000C\000o\000u\000n\000t\000e\000r\000\040\000R\000e\000a\000d}{section.3.7}% 37
\BOOKMARK [1][-]{section.3.8}{\376\377\000E\000n\000c\000o\000d\000i\000n\000g\000\040\000S\000u\000m\000m\000a\000r\000y}{chapter.3}% 38
\BOOKMARK [0][-]{chapter.4}{\376\377\000P\000r\000o\000c\000e\000s\000s\000o\000r\000\040\000D\000e\000s\000i\000g\000n\000\040\000a\000n\000d\000\040\000I\000m\000p\000l\000e\000m\000e\000n\000t\000a\000t\000i\000o\000n}{}% 39
\BOOKMARK [1][-]{section.4.1}{\376\377\000T\000o\000p\000-\000L\000e\000v\000e\000l\000\040\000B\000l\000o\000c\000k\000\040\000D\000i\000a\000g\000r\000a\000m}{chapter.4}% 40
\BOOKMARK [1][-]{section.4.2}{\376\377\000I\000n\000s\000t\000r\000u\000c\000t\000i\000o\000n\000\040\000F\000e\000t\000c\000h\000\040\000\050\000I\000F\000\051\000\040\000S\000t\000a\000g\000e}{chapter.4}% 41
\BOOKMARK [2][-]{subsection.4.2.1}{\376\377\000P\000r\000o\000g\000r\000a\000m\000\040\000C\000o\000u\000n\000t\000e\000r}{section.4.2}% 42
\BOOKMARK [2][-]{subsection.4.2.2}{\376\377\000I\000n\000s\000t\000r\000u\000c\000t\000i\000o\000n\000\040\000M\000e\000m\000o\000r\000y}{section.4.2}% 43
\BOOKMARK [2][-]{subsection.4.2.3}{\376\377\000B\000r\000a\000n\000c\000h\000\040\000T\000a\000r\000g\000e\000t\000\040\000B\000u\000f\000f\000e\000r}{section.4.2}% 44
\BOOKMARK [1][-]{section.4.3}{\376\377\000I\000n\000s\000t\000r\000u\000c\000t\000i\000o\000n\000\040\000D\000e\000c\000o\000d\000e\000\040\000\050\000I\000D\000\051\000\040\000S\000t\000a\000g\000e}{chapter.4}% 45
\BOOKMARK [2][-]{subsection.4.3.1}{\376\377\000C\000o\000n\000t\000r\000o\000l\000\040\000U\000n\000i\000t}{section.4.3}% 46
\BOOKMARK [2][-]{subsection.4.3.2}{\376\377\000I\000m\000m\000e\000d\000i\000a\000t\000e\000\040\000G\000e\000n\000e\000r\000a\000t\000o\000r}{section.4.3}% 47
\BOOKMARK [2][-]{subsection.4.3.3}{\376\377\000T\000h\000r\000e\000e\000-\000P\000o\000r\000t\000\040\000R\000e\000g\000i\000s\000t\000e\000r\000\040\000F\000i\000l\000e}{section.4.3}% 48
\BOOKMARK [2][-]{subsection.4.3.4}{\376\377\000W\000B\000I\000D\000\040\000B\000y\000p\000a\000s\000s}{section.4.3}% 49
\BOOKMARK [1][-]{section.4.4}{\376\377\000E\000x\000e\000c\000u\000t\000e\000\040\000\050\000E\000X\000\051\000\040\000S\000t\000a\000g\000e}{chapter.4}% 50
\BOOKMARK [2][-]{subsection.4.4.1}{\376\377\000A\000L\000U\000\040\000a\000n\000d\000\040\000A\000L\000U\000\040\000C\000o\000n\000t\000r\000o\000l}{section.4.4}% 51
\BOOKMARK [2][-]{subsection.4.4.2}{\376\377\000B\000r\000a\000n\000c\000h\000\040\000U\000n\000i\000t}{section.4.4}% 52
\BOOKMARK [2][-]{subsection.4.4.3}{\376\377\000M\000u\000l\000t\000i\000p\000l\000i\000e\000r\000\040\000a\000n\000d\000\040\000M\000A\000C\000\040\000U\000n\000i\000t}{section.4.4}% 53
\BOOKMARK [2][-]{subsection.4.4.4}{\376\377\000E\000X\000-\000S\000t\000a\000g\000e\000\040\000R\000e\000s\000u\000l\000t\000\040\000M\000u\000x\000\040\000a\000n\000d\000\040\000e\000x\000\137\000o\000p\000\040\000E\000n\000c\000o\000d\000i\000n\000g}{section.4.4}% 54
\BOOKMARK [1][-]{section.4.5}{\376\377\000M\000e\000m\000o\000r\000y\000\040\000\050\000M\000E\000M\000\051\000\040\000S\000t\000a\000g\000e}{chapter.4}% 55
\BOOKMARK [2][-]{subsection.4.5.1}{\376\377\000D\000a\000t\000a\000\040\000M\000e\000m\000o\000r\000y\000\040\000O\000r\000g\000a\000n\000i\000s\000a\000t\000i\000o\000n}{section.4.5}% 56
\BOOKMARK [1][-]{section.4.6}{\376\377\000W\000r\000i\000t\000e\000-\000B\000a\000c\000k\000\040\000\050\000W\000B\000\051\000\040\000S\000t\000a\000g\000e}{chapter.4}% 57
\BOOKMARK [2][-]{subsection.4.6.1}{\376\377\000W\000r\000i\000t\000e\000b\000a\000c\000k\000\040\000M\000u\000x}{section.4.6}% 58
\BOOKMARK [2][-]{subsection.4.6.2}{\376\377\000C\000y\000c\000l\000e\000\040\000C\000o\000u\000n\000t\000e\000r\000\040\000a\000n\000d\000\040\000I\000n\000s\000t\000r\000u\000c\000t\000i\000o\000n\000s\000-\000R\000e\000t\000i\000r\000e\000d\000\040\000C\000o\000u\000n\000t\000e\000r}{section.4.6}% 59
\BOOKMARK [1][-]{section.4.7}{\376\377\000P\000i\000p\000e\000l\000i\000n\000e\000\040\000R\000e\000g\000i\000s\000t\000e\000r\000s}{chapter.4}% 60
\BOOKMARK [1][-]{section.4.8}{\376\377\000H\000a\000z\000a\000r\000d\000\040\000H\000a\000n\000d\000l\000i\000n\000g}{chapter.4}% 61
\BOOKMARK [2][-]{subsection.4.8.1}{\376\377\000F\000o\000r\000w\000a\000r\000d\000i\000n\000g\000\040\000U\000n\000i\000t}{section.4.8}% 62
\BOOKMARK [2][-]{subsection.4.8.2}{\376\377\000H\000a\000z\000a\000r\000d\000\040\000/\000\040\000S\000t\000a\000l\000l\000\040\000U\000n\000i\000t}{section.4.8}% 63
\BOOKMARK [2][-]{subsection.4.8.3}{\376\377\000B\000r\000a\000n\000c\000h\000\040\000M\000i\000s\000p\000r\000e\000d\000i\000c\000t\000i\000o\000n\000\040\000F\000l\000u\000s\000h}{section.4.8}% 64
\BOOKMARK [1][-]{section.4.9}{\376\377\000B\000r\000a\000n\000c\000h\000\040\000P\000r\000e\000d\000i\000c\000t\000i\000o\000n\000\040\000S\000u\000b\000s\000y\000s\000t\000e\000m}{chapter.4}% 65
\BOOKMARK [2][-]{subsection.4.9.1}{\376\377\000B\000T\000B\000\040\000O\000r\000g\000a\000n\000i\000s\000a\000t\000i\000o\000n\000\040\000\050\0001\0006\000-\000e\000n\000t\000r\000y\000,\000\040\000d\000i\000r\000e\000c\000t\000-\000m\000a\000p\000p\000e\000d\000\051}{section.4.9}% 66
\BOOKMARK [2][-]{subsection.4.9.2}{\376\377\0002\000-\000b\000i\000t\000\040\000S\000a\000t\000u\000r\000a\000t\000i\000n\000g\000\040\000C\000o\000u\000n\000t\000e\000r\000\040\000F\000S\000M}{section.4.9}% 67
\BOOKMARK [2][-]{subsection.4.9.3}{\376\377\000U\000p\000d\000a\000t\000e\000\040\000P\000o\000l\000i\000c\000y\000\040\000a\000n\000d\000\040\000U\000S\000E\000\137\000B\000T\000B\000\040\000P\000a\000r\000a\000m\000e\000t\000e\000r}{section.4.9}% 68
\BOOKMARK [1][-]{section.4.10}{\376\377\000S\000i\000n\000g\000l\000e\000-\000C\000y\000c\000l\000e\000\040\000R\000e\000f\000e\000r\000e\000n\000c\000e\000\040\000T\000o\000p\000-\000L\000e\000v\000e\000l}{chapter.4}% 69
\BOOKMARK [1][-]{section.4.11}{\376\377\000D\000e\000s\000i\000g\000n\000-\000D\000e\000c\000i\000s\000i\000o\000n\000\040\000S\000u\000m\000m\000a\000r\000y}{chapter.4}% 70
\BOOKMARK [1][-]{section.4.12}{\376\377\000P\000e\000r\000-\000P\000h\000a\000s\000e\000\040\000V\000e\000r\000i\000f\000i\000c\000a\000t\000i\000o\000n\000\040\000S\000t\000a\000t\000u\000s}{chapter.4}% 71
\BOOKMARK [0][-]{chapter.5}{\376\377\000T\000o\000o\000l\000c\000h\000a\000i\000n\000\040\000a\000n\000d\000\040\000T\000e\000s\000t\000\040\000P\000r\000o\000g\000r\000a\000m\000s}{}% 72
\BOOKMARK [1][-]{section.5.1}{\376\377\000R\000I\000S\000C\000-\000V\000\040\000G\000C\000C\000\040\000C\000r\000o\000s\000s\000-\000C\000o\000m\000p\000i\000l\000a\000t\000i\000o\000n\000\040\000F\000l\000o\000w}{chapter.5}% 73
\BOOKMARK [1][-]{section.5.2}{\376\377\000L\000i\000n\000k\000e\000r\000\040\000S\000c\000r\000i\000p\000t\000\040\000a\000n\000d\000\040\000S\000t\000a\000r\000t\000u\000p}{chapter.5}% 74
\BOOKMARK [1][-]{section.5.3}{\376\377\000C\000u\000s\000t\000o\000m\000-\000O\000p\000\040\000I\000n\000l\000i\000n\000e\000\040\000A\000s\000s\000e\000m\000b\000l\000y\000\040\000W\000r\000a\000p\000p\000e\000r\000s}{chapter.5}% 75
\BOOKMARK [1][-]{section.5.4}{\376\377\000B\000u\000i\000l\000d\000\040\000P\000i\000p\000e\000l\000i\000n\000e\000\040\000\050\000t\000o\000o\000l\000s\000/\000b\000u\000i\000l\000d\000.\000b\000a\000t\000\051}{chapter.5}% 76
\BOOKMARK [1][-]{section.5.5}{\376\377\000H\000a\000n\000d\000-\000A\000s\000s\000e\000m\000b\000l\000e\000d\000\040\000T\000e\000s\000t\000\040\000P\000r\000o\000g\000r\000a\000m}{chapter.5}% 77
\BOOKMARK [2][-]{subsection.5.5.1}{\376\377\000A\000s\000s\000e\000m\000b\000l\000y\000\040\000L\000i\000s\000t\000i\000n\000g}{section.5.5}% 78
\BOOKMARK [2][-]{subsection.5.5.2}{\376\377\000M\000a\000n\000u\000a\000l\000\040\000E\000n\000c\000o\000d\000i\000n\000g\000\040\000t\000o\000\040\000M\000a\000c\000h\000i\000n\000e\000\040\000C\000o\000d\000e}{section.5.5}% 79
\BOOKMARK [2][-]{subsection.5.5.3}{\376\377\000I\000n\000s\000t\000r\000u\000c\000t\000i\000o\000n\000\040\000M\000e\000m\000o\000r\000y\000\040\000a\000n\000d\000\040\000D\000a\000t\000a\000\040\000M\000e\000m\000o\000r\000y\000\040\000L\000o\000a\000d\000i\000n\000g}{section.5.5}% 80
\BOOKMARK [1][-]{section.5.6}{\376\377\000B\000e\000n\000c\000h\000m\000a\000r\000k\000\040\000S\000u\000i\000t\000e}{chapter.5}% 81
\BOOKMARK [2][-]{subsection.5.6.1}{\376\377\000f\000i\000b\000\137\0002\0000}{section.5.6}% 82
\BOOKMARK [2][-]{subsection.5.6.2}{\376\377\000d\000o\000t\000p\000r\000o\000d\000\137\0001\0006\000\040\000\050\000c\000u\000s\000t\000o\000m\000\040\000a\000n\000d\000\040\000n\000o\000-\000c\000u\000s\000t\000o\000m\000\051}{section.5.6}% 83
\BOOKMARK [2][-]{subsection.5.6.3}{\376\377\000m\000a\000t\000m\000u\000l\000\137\0008\000x\0008\000\040\000\050\000c\000u\000s\000t\000o\000m\000\040\000a\000n\000d\000\040\000n\000o\000-\000c\000u\000s\000t\000o\000m\000\051}{section.5.6}% 84
\BOOKMARK [2][-]{subsection.5.6.4}{\376\377\000r\000e\000l\000u\000\137\0003\0002\000\040\000\050\000c\000u\000s\000t\000o\000m\000\040\000a\000n\000d\000\040\000n\000o\000-\000c\000u\000s\000t\000o\000m\000\051}{section.5.6}% 85
\BOOKMARK [2][-]{subsection.5.6.5}{\376\377\000g\000r\000a\000d\000\137\000d\000e\000s\000c\000e\000n\000t\000\040\000\050\000c\000u\000s\000t\000o\000m\000\040\000a\000n\000d\000\040\000n\000o\000-\000c\000u\000s\000t\000o\000m\000\051}{section.5.6}% 86
\BOOKMARK [0][-]{chapter.6}{\376\377\000V\000e\000r\000i\000f\000i\000c\000a\000t\000i\000o\000n\000\040\000a\000n\000d\000\040\000V\000a\000l\000i\000d\000a\000t\000i\000o\000n}{}% 87
\BOOKMARK [1][-]{section.6.1}{\376\377\000T\000e\000s\000t\000b\000e\000n\000c\000h\000\040\000A\000r\000c\000h\000i\000t\000e\000c\000t\000u\000r\000e}{chapter.6}% 88
\BOOKMARK [1][-]{section.6.2}{\376\377\000V\000a\000l\000i\000d\000a\000t\000i\000o\000n\000\040\000B\000l\000o\000c\000k\000\040\000C\000o\000n\000v\000e\000n\000t\000i\000o\000n}{chapter.6}% 89
\BOOKMARK [1][-]{section.6.3}{\376\377\000E\000x\000p\000e\000c\000t\000e\000d\000-\000R\000e\000s\000u\000l\000t\000s\000\040\000T\000a\000b\000l\000e}{chapter.6}% 90
\BOOKMARK [1][-]{section.6.4}{\376\377\000I\000n\000s\000t\000r\000u\000c\000t\000i\000o\000n\000s\000-\000R\000e\000t\000i\000r\000e\000d\000\040\000C\000o\000u\000n\000t\000e\000r\000\040\000a\000n\000d\000\040\000C\000P\000I}{chapter.6}% 91
\BOOKMARK [1][-]{section.6.5}{\376\377\0002\0007\000-\000R\000u\000n\000\040\000A\000u\000t\000o\000m\000a\000t\000e\000d\000\040\000S\000w\000e\000e\000p}{chapter.6}% 92
\BOOKMARK [1][-]{section.6.6}{\376\377\000F\000u\000n\000c\000t\000i\000o\000n\000a\000l\000\040\000C\000o\000r\000r\000e\000c\000t\000n\000e\000s\000s\000\040\000R\000e\000s\000u\000l\000t\000s}{chapter.6}% 93
\BOOKMARK [1][-]{section.6.7}{\376\377\000R\000e\000g\000i\000s\000t\000e\000r\000-\000F\000i\000l\000e\000\040\000D\000u\000m\000p\000\040\000\050\000E\000n\000d\000\040\000o\000f\000\040\000E\000x\000e\000c\000u\000t\000i\000o\000n\000\051}{chapter.6}% 94
\BOOKMARK [1][-]{section.6.8}{\376\377\000S\000i\000m\000u\000l\000a\000t\000i\000o\000n\000\040\000W\000a\000v\000e\000f\000o\000r\000m\000s}{chapter.6}% 95
\BOOKMARK [0][-]{chapter.7}{\376\377\000F\000P\000G\000A\000\040\000S\000y\000n\000t\000h\000e\000s\000i\000s\000\040\000a\000n\000d\000\040\000T\000i\000m\000i\000n\000g\000\040\000A\000n\000a\000l\000y\000s\000i\000s}{}% 96
\BOOKMARK [1][-]{section.7.1}{\376\377\000T\000a\000r\000g\000e\000t\000\040\000P\000l\000a\000t\000f\000o\000r\000m}{chapter.7}% 97
\BOOKMARK [1][-]{section.7.2}{\376\377\000C\000o\000d\000e\000\040\000C\000h\000a\000n\000g\000e\000s\000\040\000f\000o\000r\000\040\000S\000y\000n\000t\000h\000e\000s\000i\000s}{chapter.7}% 98
\BOOKMARK [2][-]{subsection.7.2.1}{\376\377\000M\000e\000m\000o\000r\000y\000\040\000R\000e\000s\000t\000r\000u\000c\000t\000u\000r\000i\000n\000g\000\040\000\050\0004\000\040\000B\000y\000t\000e\000-\000B\000a\000n\000k\000s\000\051}{section.7.2}% 99
\BOOKMARK [2][-]{subsection.7.2.2}{\376\377\000O\000u\000t\000p\000u\000t\000\040\000P\000o\000r\000t\000s\000\040\000t\000o\000\040\000P\000r\000e\000v\000e\000n\000t\000\040\000L\000o\000g\000i\000c\000\040\000T\000r\000i\000m\000m\000i\000n\000g}{section.7.2}% 100
\BOOKMARK [2][-]{subsection.7.2.3}{\376\377\000C\000l\000o\000c\000k\000\040\000C\000o\000n\000s\000t\000r\000a\000i\000n\000t\000\040\000\050\000c\000o\000n\000s\000t\000r\000a\000i\000n\000t\000s\000.\000x\000d\000c\000\051}{section.7.2}% 101
\BOOKMARK [1][-]{section.7.3}{\376\377\000S\000y\000n\000t\000h\000e\000s\000i\000s\000\040\000F\000l\000o\000w}{chapter.7}% 102
\BOOKMARK [1][-]{section.7.4}{\376\377\000R\000e\000s\000o\000u\000r\000c\000e\000\040\000U\000t\000i\000l\000i\000s\000a\000t\000i\000o\000n}{chapter.7}% 103
\BOOKMARK [1][-]{section.7.5}{\376\377\000T\000i\000m\000i\000n\000g\000\040\000R\000e\000s\000u\000l\000t\000s}{chapter.7}% 104
\BOOKMARK [2][-]{subsection.7.5.1}{\376\377\000S\000i\000n\000g\000l\000e\000-\000C\000y\000c\000l\000e\000\040\000W\000N\000S\000\040\000a\000n\000d\000\040\000C\000r\000i\000t\000i\000c\000a\000l\000\040\000P\000a\000t\000h}{section.7.5}% 105
\BOOKMARK [2][-]{subsection.7.5.2}{\376\377\000P\000i\000p\000e\000l\000i\000n\000e\000\040\000W\000N\000S\000\040\000a\000n\000d\000\040\000C\000r\000i\000t\000i\000c\000a\000l\000\040\000P\000a\000t\000h}{section.7.5}% 106
\BOOKMARK [2][-]{subsection.7.5.3}{\376\377\000W\000h\000y\000\040\000t\000h\000e\000\040\000S\000C\000\040\000M\000a\000x\000-\000F\000r\000e\000q\000u\000e\000n\000c\000y\000\040\000F\000i\000g\000u\000r\000e\000\040\000i\000s\000\040\000M\000i\000s\000l\000e\000a\000d\000i\000n\000g}{section.7.5}% 107
\BOOKMARK [1][-]{section.7.6}{\376\377\000R\000e\000a\000l\000\040\000E\000x\000e\000c\000u\000t\000i\000o\000n\000\040\000T\000i\000m\000e\000\040\000E\000s\000t\000i\000m\000a\000t\000e\000s}{chapter.7}% 108
\BOOKMARK [1][-]{section.7.7}{\376\377\000P\000i\000p\000e\000l\000i\000n\000e\000\040\000N\000e\000g\000a\000t\000i\000o\000n\000\040\000b\000y\000\040\000S\000i\000n\000g\000l\000e\000-\000C\000y\000c\000l\000e\000\040\000M\000u\000l\000t\000i\000p\000l\000i\000e\000r}{chapter.7}% 109
\BOOKMARK [0][-]{chapter.8}{\376\377\000R\000e\000s\000u\000l\000t\000s\000\040\000a\000n\000d\000\040\000A\000n\000a\000l\000y\000s\000i\000s}{}% 110
\BOOKMARK [1][-]{section.8.1}{\376\377\000F\000u\000n\000c\000t\000i\000o\000n\000a\000l\000\040\000C\000o\000r\000r\000e\000c\000t\000n\000e\000s\000s}{chapter.8}% 111
\BOOKMARK [1][-]{section.8.2}{\376\377\000C\000y\000c\000l\000e\000\040\000C\000o\000u\000n\000t\000s\000\040\000a\000n\000d\000\040\000C\000P\000I\000\040\000A\000c\000r\000o\000s\000s\000\040\000C\000o\000n\000f\000i\000g\000u\000r\000a\000t\000i\000o\000n\000s}{chapter.8}% 112
\BOOKMARK [1][-]{section.8.3}{\376\377\000B\000T\000B\000\040\000S\000p\000e\000e\000d\000u\000p}{chapter.8}% 113
\BOOKMARK [1][-]{section.8.4}{\376\377\000C\000u\000s\000t\000o\000m\000-\000I\000n\000s\000t\000r\000u\000c\000t\000i\000o\000n\000\040\000S\000p\000e\000e\000d\000u\000p}{chapter.8}% 114
\BOOKMARK [2][-]{subsection.8.4.1}{\376\377\000M\000A\000C\000\040\000S\000p\000e\000e\000d\000u\000p\000\040\000o\000n\000\040\000d\000o\000t\000p\000r\000o\000d\000,\000\040\000m\000a\000t\000m\000u\000l\000,\000\040\000g\000r\000a\000d\000\137\000d\000e\000s\000c\000e\000n\000t}{section.8.4}% 115
\BOOKMARK [2][-]{subsection.8.4.2}{\376\377\000T\000h\000e\000\040\000r\000e\000l\000u\000\137\0003\0002\000\040\000A\000n\000o\000m\000a\000l\000y}{section.8.4}% 116
\BOOKMARK [1][-]{section.8.5}{\376\377\000R\000e\000a\000l\000-\000T\000i\000m\000e\000\040\000P\000e\000r\000f\000o\000r\000m\000a\000n\000c\000e\000\040\000f\000r\000o\000m\000\040\000S\000y\000n\000t\000h\000e\000s\000i\000s}{chapter.8}% 117
\BOOKMARK [1][-]{section.8.6}{\376\377\000P\000i\000p\000e\000l\000i\000n\000e\000-\000N\000e\000g\000a\000t\000i\000o\000n\000\040\000R\000o\000o\000t\000\040\000C\000a\000u\000s\000e}{chapter.8}% 118
\BOOKMARK [1][-]{section.8.7}{\376\377\000S\000u\000m\000m\000a\000r\000y\000\040\000o\000f\000\040\000F\000i\000n\000d\000i\000n\000g\000s}{chapter.8}% 119
\BOOKMARK [0][-]{chapter.9}{\376\377\000C\000o\000n\000c\000l\000u\000s\000i\000o\000n\000\040\000a\000n\000d\000\040\000F\000u\000t\000u\000r\000e\000\040\000W\000o\000r\000k}{}% 120
\BOOKMARK [1][-]{section.9.1}{\376\377\000C\000o\000n\000c\000l\000u\000s\000i\000o\000n\000s}{chapter.9}% 121
\BOOKMARK [1][-]{section.9.2}{\376\377\000L\000i\000m\000i\000t\000a\000t\000i\000o\000n\000s}{chapter.9}% 122
\BOOKMARK [1][-]{section.9.3}{\376\377\000F\000u\000t\000u\000r\000e\000\040\000W\000o\000r\000k}{chapter.9}% 123
\BOOKMARK [2][-]{subsection.9.3.1}{\376\377\000M\000u\000l\000t\000i\000-\000S\000t\000a\000g\000e\000\040\000P\000i\000p\000e\000l\000i\000n\000e\000d\000\040\000M\000u\000l\000t\000i\000p\000l\000i\000e\000r}{section.9.3}% 124
\BOOKMARK [2][-]{subsection.9.3.2}{\376\377\000C\000a\000c\000h\000e\000s\000\040\000a\000n\000d\000\040\000L\000a\000r\000g\000e\000r\000\040\000M\000e\000m\000o\000r\000i\000e\000s}{section.9.3}% 125
\BOOKMARK [2][-]{subsection.9.3.3}{\376\377\000V\000e\000c\000t\000o\000r\000\040\000/\000\040\000S\000I\000M\000D\000\040\000E\000x\000t\000e\000n\000s\000i\000o\000n\000\040\000f\000o\000r\000\040\000M\000L}{section.9.3}% 126
\BOOKMARK [2][-]{subsection.9.3.4}{\376\377\000H\000a\000r\000d\000w\000a\000r\000e\000-\000A\000c\000c\000e\000l\000e\000r\000a\000t\000e\000d\000\040\000R\000e\000L\000U\000\040\000a\000s\000\040\000I\000n\000l\000i\000n\000e\000\040\000F\000u\000s\000e\000d\000\040\000O\000p}{section.9.3}% 127
\BOOKMARK [0][-]{appendix.A}{\376\377\000C\000o\000m\000p\000l\000e\000t\000e\000\040\000I\000n\000s\000t\000r\000u\000c\000t\000i\000o\000n\000\040\000E\000n\000c\000o\000d\000i\000n\000g\000\040\000R\000e\000f\000e\000r\000e\000n\000c\000e}{}% 128
\BOOKMARK [0][-]{appendix.B}{\376\377\000V\000e\000r\000i\000l\000o\000g\000\040\000F\000i\000l\000e\000\040\000M\000a\000n\000i\000f\000e\000s\000t}{}% 129
\BOOKMARK [0][-]{appendix.C}{\376\377\000B\000u\000i\000l\000d\000\040\000a\000n\000d\000\040\000S\000i\000m\000u\000l\000a\000t\000i\000o\000n\000\040\000I\000n\000s\000t\000r\000u\000c\000t\000i\000o\000n\000s}{}% 130
\BOOKMARK [1][-]{section.C.1}{\376\377\000T\000o\000o\000l\000c\000h\000a\000i\000n\000\040\000S\000e\000t\000u\000p}{appendix.C}% 131
\BOOKMARK [1][-]{section.C.2}{\376\377\000B\000u\000i\000l\000d\000i\000n\000g\000\040\000a\000\040\000C\000\040\000B\000e\000n\000c\000h\000m\000a\000r\000k}{appendix.C}% 132
\BOOKMARK [1][-]{section.C.3}{\376\377\000R\000u\000n\000n\000i\000n\000g\000\040\000a\000\040\000S\000i\000n\000g\000l\000e\000\040\000S\000i\000m\000u\000l\000a\000t\000i\000o\000n\000\040\000i\000n\000\040\000V\000i\000v\000a\000d\000o\000\040\000G\000U\000I}{appendix.C}% 133
\BOOKMARK [1][-]{section.C.4}{\376\377\000H\000e\000a\000d\000l\000e\000s\000s\000\040\0002\0007\000-\000R\000u\000n\000\040\000S\000w\000e\000e\000p}{appendix.C}% 134
\BOOKMARK [1][-]{section.C.5}{\376\377\000S\000y\000n\000t\000h\000e\000s\000i\000s\000\040\000F\000l\000o\000w}{appendix.C}% 135
